\BOOKMARK [0][-]{chapter.1}{\376\377\000C\000o\000d\000r\000o\000i\000d\000\040\000S\000D\000K}{}% 1
\BOOKMARK [1][-]{section.1.1}{\376\377\330\074\337\037\000\040\162\171\160\271}{chapter.1}% 2
\BOOKMARK [1][-]{section.1.2}{\376\377\330\075\334\301\000\040\230\171\166\356\176\323\147\204}{chapter.1}% 3
\BOOKMARK [1][-]{section.1.3}{\376\377\330\075\336\340\376\017\000\040\147\204\136\372\143\007\123\127}{chapter.1}% 4
\BOOKMARK [2][-]{subsection.1.3.1}{\376\377\0001\000.\000\040\000L\000i\000n\000u\000x\000\040\000\050\000U\000b\000u\000n\000t\000u\000\051\000\040\177\026\213\321}{section.1.3}% 5
\BOOKMARK [2][-]{subsection.1.3.2}{\376\377\0002\000.\000\040\000W\000i\000n\000d\000o\000w\000s\000\040\000\050\000V\000i\000s\000u\000a\000l\000\040\000S\000t\000u\000d\000i\000o\000\040\000/\000\040\000M\000S\000V\000C\000\051\000\040\177\026\213\321}{section.1.3}% 6
\BOOKMARK [1][-]{section.1.4}{\376\377\330\075\334\273\000\040\131\202\117\125\127\050\140\250\166\204\230\171\166\356\116\055\117\177\165\050}{chapter.1}% 7
\BOOKMARK [1][-]{section.1.5}{\376\377\330\075\336\200\000\040\137\353\220\037\116\012\142\113\171\072\117\213}{chapter.1}% 8
\BOOKMARK [1][-]{section.1.6}{\376\377\046\240\376\017\000\040\154\350\141\017\116\213\230\171}{chapter.1}% 9
\BOOKMARK [0][-]{chapter.2}{\376\377\176\347\142\177\121\163\174\373\175\042\137\025}{}% 10
\BOOKMARK [1][-]{section.2.1}{\376\377\174\173\176\347\142\177\121\163\174\373}{chapter.2}% 11
\BOOKMARK [0][-]{chapter.3}{\376\377\174\173\175\042\137\025}{}% 12
\BOOKMARK [1][-]{section.3.1}{\376\377\174\173\122\027\210\150}{chapter.3}% 13
\BOOKMARK [0][-]{chapter.4}{\376\377\145\207\116\366\175\042\137\025}{}% 14
\BOOKMARK [1][-]{section.4.1}{\376\377\145\207\116\366\122\027\210\150}{chapter.4}% 15
\BOOKMARK [0][-]{chapter.5}{\376\377\174\173\213\364\146\016}{}% 16
\BOOKMARK [1][-]{section.5.1}{\376\377\000C\000o\000d\000r\000o\000i\000d\000:\000:\000C\000o\000d\000r\000o\000i\000d\000C\000o\000n\000t\000r\000o\000l\000I\000n\000t\000e\000r\000f\000a\000c\000e\174\173\000\040\123\302\200\003}{chapter.5}% 17
\BOOKMARK [2][-]{subsection.5.1.1}{\376\377\142\020\124\130\121\375\145\160\213\364\146\016}{section.5.1}% 18
\BOOKMARK [3][-]{subsubsection.5.1.1.1}{\376\377\000c\000a\000l\000c\000u\000l\000a\000t\000e\000R\000e\000l\000a\000t\000i\000v\000e\000P\000o\000s\000e\000\050\000\051}{subsection.5.1.1}% 19
\BOOKMARK [3][-]{subsubsection.5.1.1.2}{\376\377\000c\000l\000e\000a\000r\000E\000r\000r\000o\000r\000\050\000\051}{subsection.5.1.1}% 20
\BOOKMARK [3][-]{subsubsection.5.1.1.3}{\376\377\000c\000l\000e\000a\000r\000S\000t\000a\000r\000t\000L\000i\000n\000e\000\050\000\051}{subsection.5.1.1}% 21
\BOOKMARK [3][-]{subsubsection.5.1.1.4}{\376\377\000c\000o\000n\000n\000e\000c\000t\000\050\000\051}{subsection.5.1.1}% 22
\BOOKMARK [3][-]{subsubsection.5.1.1.5}{\376\377\000e\000n\000t\000e\000r\000R\000e\000m\000o\000t\000e\000S\000c\000r\000i\000p\000t\000M\000o\000d\000e\000\050\000\051}{subsection.5.1.1}% 23
\BOOKMARK [3][-]{subsubsection.5.1.1.6}{\376\377\000f\000o\000r\000w\000a\000r\000d\000K\000i\000n\000e\000m\000a\000t\000i\000c\000s\000\050\000\051}{subsection.5.1.1}% 24
\BOOKMARK [3][-]{subsubsection.5.1.1.7}{\376\377\000g\000e\000t\000A\000I\000\050\000\051}{subsection.5.1.1}% 25
\BOOKMARK [3][-]{subsubsection.5.1.1.8}{\376\377\000g\000e\000t\000A\000O\000\050\000\051}{subsection.5.1.1}% 26
\BOOKMARK [3][-]{subsubsection.5.1.1.9}{\376\377\000g\000e\000t\000D\000I\000\050\000\051}{subsection.5.1.1}% 27
\BOOKMARK [3][-]{subsubsection.5.1.1.10}{\376\377\000g\000e\000t\000D\000O\000\050\000\051}{subsection.5.1.1}% 28
\BOOKMARK [3][-]{subsubsection.5.1.1.11}{\376\377\000g\000e\000t\000G\000l\000o\000b\000a\000l\000V\000a\000r\000s\000\050\000\051}{subsection.5.1.1}% 29
\BOOKMARK [3][-]{subsubsection.5.1.1.12}{\376\377\000g\000e\000t\000I\000O\000V\000a\000l\000u\000e\000s\000\050\000\051}{subsection.5.1.1}% 30
\BOOKMARK [3][-]{subsubsection.5.1.1.13}{\376\377\000g\000e\000t\000P\000r\000o\000j\000e\000c\000t\000V\000a\000r\000\050\000\051}{subsection.5.1.1}% 31
\BOOKMARK [3][-]{subsubsection.5.1.1.14}{\376\377\000g\000e\000t\000R\000e\000g\000i\000s\000t\000e\000r\000V\000a\000l\000u\000e\000\050\000\051}{subsection.5.1.1}% 32
\BOOKMARK [3][-]{subsubsection.5.1.1.15}{\376\377\000g\000e\000t\000R\000e\000g\000i\000s\000t\000e\000r\000V\000a\000l\000u\000e\000s\000\050\000\051}{subsection.5.1.1}% 33
\BOOKMARK [3][-]{subsubsection.5.1.1.16}{\376\377\000i\000n\000v\000e\000r\000s\000e\000K\000i\000n\000e\000m\000a\000t\000i\000c\000s\000\050\000\051}{subsection.5.1.1}% 34
\BOOKMARK [3][-]{subsubsection.5.1.1.17}{\376\377\000j\000o\000g\000\050\000\051}{subsection.5.1.1}% 35
\BOOKMARK [3][-]{subsubsection.5.1.1.18}{\376\377\000j\000o\000g\000H\000e\000a\000r\000t\000b\000e\000a\000t\000\050\000\051}{subsection.5.1.1}% 36
\BOOKMARK [3][-]{subsubsection.5.1.1.19}{\376\377\000m\000o\000v\000C\000\050\000\051}{subsection.5.1.1}% 37
\BOOKMARK [3][-]{subsubsection.5.1.1.20}{\376\377\000m\000o\000v\000C\000i\000r\000c\000l\000e\000\050\000\051}{subsection.5.1.1}% 38
\BOOKMARK [3][-]{subsubsection.5.1.1.21}{\376\377\000m\000o\000v\000e\000\050\000\051}{subsection.5.1.1}% 39
\BOOKMARK [3][-]{subsubsection.5.1.1.22}{\376\377\000m\000o\000v\000e\000T\000o\000\050\000\051}{subsection.5.1.1}% 40
\BOOKMARK [3][-]{subsubsection.5.1.1.23}{\376\377\000m\000o\000v\000e\000T\000o\000H\000e\000a\000r\000t\000b\000e\000a\000t\000\050\000\051}{subsection.5.1.1}% 41
\BOOKMARK [3][-]{subsubsection.5.1.1.24}{\376\377\000m\000o\000v\000J\000\050\000\051\000\040\000[\0001\000/\0002\000]}{subsection.5.1.1}% 42
\BOOKMARK [3][-]{subsubsection.5.1.1.25}{\376\377\000m\000o\000v\000J\000\050\000\051\000\040\000[\0002\000/\0002\000]}{subsection.5.1.1}% 43
\BOOKMARK [3][-]{subsubsection.5.1.1.26}{\376\377\000m\000o\000v\000L\000\050\000\051\000\040\000[\0001\000/\0002\000]}{subsection.5.1.1}% 44
\BOOKMARK [3][-]{subsubsection.5.1.1.27}{\376\377\000m\000o\000v\000L\000\050\000\051\000\040\000[\0002\000/\0002\000]}{subsection.5.1.1}% 45
\BOOKMARK [3][-]{subsubsection.5.1.1.28}{\376\377\000p\000a\000u\000s\000e\000M\000o\000v\000e\000\050\000\051}{subsection.5.1.1}% 46
\BOOKMARK [3][-]{subsubsection.5.1.1.29}{\376\377\000p\000a\000u\000s\000e\000P\000r\000o\000j\000e\000c\000t\000\050\000\051}{subsection.5.1.1}% 47
\BOOKMARK [3][-]{subsubsection.5.1.1.30}{\376\377\000p\000r\000i\000n\000t\000R\000e\000s\000p\000o\000n\000s\000e\000\050\000\051}{subsection.5.1.1}% 48
\BOOKMARK [3][-]{subsubsection.5.1.1.31}{\376\377\000r\000e\000m\000o\000v\000e\000E\000x\000t\000e\000n\000d\000A\000r\000r\000a\000y\000\050\000\051}{subsection.5.1.1}% 49
\BOOKMARK [3][-]{subsubsection.5.1.1.32}{\376\377\000r\000e\000m\000o\000v\000e\000G\000l\000o\000b\000a\000l\000V\000a\000r\000s\000\050\000\051}{subsection.5.1.1}% 50
\BOOKMARK [3][-]{subsubsection.5.1.1.33}{\376\377\000r\000e\000s\000u\000m\000e\000M\000o\000v\000e\000\050\000\051}{subsection.5.1.1}% 51
\BOOKMARK [3][-]{subsubsection.5.1.1.34}{\376\377\000r\000e\000s\000u\000m\000e\000P\000r\000o\000j\000e\000c\000t\000\050\000\051}{subsection.5.1.1}% 52
\BOOKMARK [3][-]{subsubsection.5.1.1.35}{\376\377\000R\000S\0004\0008\0005\000f\000l\000u\000s\000h\000\050\000\051}{subsection.5.1.1}% 53
\BOOKMARK [3][-]{subsubsection.5.1.1.36}{\376\377\000R\000S\0004\0008\0005\000i\000n\000i\000t\000\050\000\051}{subsection.5.1.1}% 54
\BOOKMARK [3][-]{subsubsection.5.1.1.37}{\376\377\000R\000S\0004\0008\0005\000r\000e\000a\000d\000\050\000\051}{subsection.5.1.1}% 55
\BOOKMARK [3][-]{subsubsection.5.1.1.38}{\376\377\000R\000S\0004\0008\0005\000w\000r\000i\000t\000e\000\050\000\051}{subsection.5.1.1}% 56
\BOOKMARK [3][-]{subsubsection.5.1.1.39}{\376\377\000r\000u\000n\000P\000r\000o\000j\000e\000c\000t\000\050\000\051}{subsection.5.1.1}% 57
\BOOKMARK [3][-]{subsubsection.5.1.1.40}{\376\377\000r\000u\000n\000P\000r\000o\000j\000e\000c\000t\000B\000y\000I\000n\000d\000e\000x\000\050\000\051}{subsection.5.1.1}% 58
\BOOKMARK [3][-]{subsubsection.5.1.1.41}{\376\377\000r\000u\000n\000S\000c\000r\000i\000p\000t\000\050\000\051}{subsection.5.1.1}% 59
\BOOKMARK [3][-]{subsubsection.5.1.1.42}{\376\377\000r\000u\000n\000S\000t\000e\000p\000\050\000\051}{subsection.5.1.1}% 60
\BOOKMARK [3][-]{subsubsection.5.1.1.43}{\376\377\000s\000a\000v\000e\000G\000l\000o\000b\000a\000l\000V\000a\000r\000s\000\050\000\051}{subsection.5.1.1}% 61
\BOOKMARK [3][-]{subsubsection.5.1.1.44}{\376\377\000s\000e\000n\000d\000C\000o\000m\000m\000a\000n\000d\000\050\000\051}{subsection.5.1.1}% 62
\BOOKMARK [3][-]{subsubsection.5.1.1.45}{\376\377\000s\000e\000t\000A\000O\000\050\000\051}{subsection.5.1.1}% 63
\BOOKMARK [3][-]{subsubsection.5.1.1.46}{\376\377\000s\000e\000t\000A\000u\000t\000o\000S\000p\000e\000e\000d\000R\000a\000t\000e\000\050\000\051}{subsection.5.1.1}% 64
\BOOKMARK [3][-]{subsubsection.5.1.1.47}{\376\377\000s\000e\000t\000C\000o\000l\000l\000i\000s\000i\000o\000n\000S\000e\000n\000s\000i\000t\000i\000v\000i\000t\000y\000\050\000\051}{subsection.5.1.1}% 65
\BOOKMARK [3][-]{subsubsection.5.1.1.48}{\376\377\000s\000e\000t\000D\000O\000\050\000\051}{subsection.5.1.1}% 66
\BOOKMARK [3][-]{subsubsection.5.1.1.49}{\376\377\000s\000e\000t\000E\000x\000t\000e\000n\000d\000A\000r\000r\000a\000y\000T\000y\000p\000e\000\050\000\051}{subsection.5.1.1}% 67
\BOOKMARK [3][-]{subsubsection.5.1.1.50}{\376\377\000s\000e\000t\000I\000O\000V\000a\000l\000u\000e\000\050\000\051}{subsection.5.1.1}% 68
\BOOKMARK [3][-]{subsubsection.5.1.1.51}{\376\377\000s\000e\000t\000M\000a\000n\000u\000a\000l\000S\000p\000e\000e\000d\000R\000a\000t\000e\000\050\000\051}{subsection.5.1.1}% 69
\BOOKMARK [3][-]{subsubsection.5.1.1.52}{\376\377\000s\000e\000t\000P\000a\000y\000l\000o\000a\000d\000\050\000\051}{subsection.5.1.1}% 70
\BOOKMARK [3][-]{subsubsection.5.1.1.53}{\376\377\000s\000e\000t\000R\000e\000g\000i\000s\000t\000e\000r\000V\000a\000l\000u\000e\000\050\000\051}{subsection.5.1.1}% 71
\BOOKMARK [3][-]{subsubsection.5.1.1.54}{\376\377\000s\000e\000t\000S\000t\000a\000r\000t\000L\000i\000n\000e\000\050\000\051}{subsection.5.1.1}% 72
\BOOKMARK [3][-]{subsubsection.5.1.1.55}{\376\377\000s\000t\000a\000r\000t\000C\000o\000n\000t\000r\000o\000l\000\050\000\051}{subsection.5.1.1}% 73
\BOOKMARK [3][-]{subsubsection.5.1.1.56}{\376\377\000s\000t\000a\000r\000t\000D\000a\000t\000a\000P\000u\000s\000h\000\050\000\051}{subsection.5.1.1}% 74
\BOOKMARK [3][-]{subsubsection.5.1.1.57}{\376\377\000s\000t\000a\000r\000t\000D\000r\000a\000g\000\050\000\051}{subsection.5.1.1}% 75
\BOOKMARK [3][-]{subsubsection.5.1.1.58}{\376\377\000s\000t\000o\000p\000C\000o\000n\000t\000r\000o\000l\000\050\000\051}{subsection.5.1.1}% 76
\BOOKMARK [3][-]{subsubsection.5.1.1.59}{\376\377\000s\000t\000o\000p\000D\000a\000t\000a\000P\000u\000s\000h\000\050\000\051}{subsection.5.1.1}% 77
\BOOKMARK [3][-]{subsubsection.5.1.1.60}{\376\377\000s\000t\000o\000p\000D\000r\000a\000g\000\050\000\051}{subsection.5.1.1}% 78
\BOOKMARK [3][-]{subsubsection.5.1.1.61}{\376\377\000s\000t\000o\000p\000J\000o\000g\000\050\000\051}{subsection.5.1.1}% 79
\BOOKMARK [3][-]{subsubsection.5.1.1.62}{\376\377\000s\000t\000o\000p\000M\000o\000v\000e\000\050\000\051}{subsection.5.1.1}% 80
\BOOKMARK [3][-]{subsubsection.5.1.1.63}{\376\377\000s\000t\000o\000p\000P\000r\000o\000j\000e\000c\000t\000\050\000\051}{subsection.5.1.1}% 81
\BOOKMARK [3][-]{subsubsection.5.1.1.64}{\376\377\000s\000w\000i\000t\000c\000h\000O\000f\000f\000\050\000\051}{subsection.5.1.1}% 82
\BOOKMARK [3][-]{subsubsection.5.1.1.65}{\376\377\000s\000w\000i\000t\000c\000h\000O\000n\000\050\000\051}{subsection.5.1.1}% 83
\BOOKMARK [3][-]{subsubsection.5.1.1.66}{\376\377\000t\000o\000A\000c\000t\000u\000a\000l\000\050\000\051}{subsection.5.1.1}% 84
\BOOKMARK [3][-]{subsubsection.5.1.1.67}{\376\377\000t\000o\000A\000u\000t\000o\000\050\000\051}{subsection.5.1.1}% 85
\BOOKMARK [3][-]{subsubsection.5.1.1.68}{\376\377\000t\000o\000M\000a\000n\000u\000a\000l\000\050\000\051}{subsection.5.1.1}% 86
\BOOKMARK [3][-]{subsubsection.5.1.1.69}{\376\377\000t\000o\000R\000e\000m\000o\000t\000e\000\050\000\051}{subsection.5.1.1}% 87
\BOOKMARK [3][-]{subsubsection.5.1.1.70}{\376\377\000t\000o\000S\000i\000m\000u\000l\000a\000t\000i\000o\000n\000\050\000\051}{subsection.5.1.1}% 88
\BOOKMARK [1][-]{section.5.2}{\376\377\000C\000o\000d\000r\000o\000i\000d\000:\000:\000C\000o\000d\000r\000o\000i\000d\000E\000x\000c\000e\000p\000t\000i\000o\000n\174\173\000\040\123\302\200\003}{chapter.5}% 89
\BOOKMARK [2][-]{subsection.5.2.1}{\376\377\213\346\176\306\143\317\217\360}{section.5.2}% 90
\BOOKMARK [1][-]{section.5.3}{\376\377\000C\000o\000d\000r\000o\000i\000d\000:\000:\000C\000o\000d\000r\000o\000i\000d\000S\000u\000b\000s\000c\000r\000i\000b\000e\000r\174\173\000\040\123\302\200\003}{chapter.5}% 91
\BOOKMARK [2][-]{subsection.5.3.1}{\376\377\213\346\176\306\143\317\217\360}{section.5.3}% 92
\BOOKMARK [2][-]{subsection.5.3.2}{\376\377\142\020\124\130\121\375\145\160\213\364\146\016}{section.5.3}% 93
\BOOKMARK [3][-]{subsubsection.5.3.2.1}{\376\377\000c\000o\000n\000n\000e\000c\000t\000\050\000\051}{subsection.5.3.2}% 94
\BOOKMARK [3][-]{subsubsection.5.3.2.2}{\376\377\000s\000e\000t\000L\000o\000g\000C\000a\000l\000l\000b\000a\000c\000k\000\050\000\051}{subsection.5.3.2}% 95
\BOOKMARK [3][-]{subsubsection.5.3.2.3}{\376\377\000s\000e\000t\000P\000o\000s\000t\000u\000r\000e\000C\000a\000l\000l\000b\000a\000c\000k\000\050\000\051}{subsection.5.3.2}% 96
\BOOKMARK [3][-]{subsubsection.5.3.2.4}{\376\377\000s\000e\000t\000S\000t\000a\000t\000u\000s\000C\000a\000l\000l\000b\000a\000c\000k\000\050\000\051}{subsection.5.3.2}% 97
\BOOKMARK [3][-]{subsubsection.5.3.2.5}{\376\377\000s\000e\000t\000V\000a\000r\000C\000a\000l\000l\000b\000a\000c\000k\000\050\000\051}{subsection.5.3.2}% 98
\BOOKMARK [3][-]{subsubsection.5.3.2.6}{\376\377\000s\000u\000b\000s\000c\000r\000i\000b\000e\000\050\000\051}{subsection.5.3.2}% 99
\BOOKMARK [1][-]{section.5.4}{\376\377\000C\000o\000d\000r\000o\000i\000d\000:\000:\000F\000K\000P\000a\000r\000a\000m\000s\176\323\147\204\117\123\000\040\123\302\200\003}{chapter.5}% 100
\BOOKMARK [2][-]{subsection.5.4.1}{\376\377\213\346\176\306\143\317\217\360}{section.5.4}% 101
\BOOKMARK [1][-]{section.5.5}{\376\377\000C\000o\000d\000r\000o\000i\000d\000:\000:\000I\000K\000P\000a\000r\000a\000m\000s\176\323\147\204\117\123\000\040\123\302\200\003}{chapter.5}% 102
\BOOKMARK [2][-]{subsection.5.5.1}{\376\377\213\346\176\306\143\317\217\360}{section.5.5}% 103
\BOOKMARK [1][-]{section.5.6}{\376\377\000C\000o\000d\000r\000o\000i\000d\000:\000:\000I\000O\000I\000n\000f\000o\176\323\147\204\117\123\000\040\123\302\200\003}{chapter.5}% 104
\BOOKMARK [2][-]{subsection.5.6.1}{\376\377\213\346\176\306\143\317\217\360}{section.5.6}% 105
\BOOKMARK [1][-]{section.5.7}{\376\377\000C\000o\000d\000r\000o\000i\000d\000:\000:\000J\000o\000g\000P\000a\000r\000a\000m\000s\176\323\147\204\117\123\000\040\123\302\200\003}{chapter.5}% 106
\BOOKMARK [2][-]{subsection.5.7.1}{\376\377\213\346\176\306\143\317\217\360}{section.5.7}% 107
\BOOKMARK [1][-]{section.5.8}{\376\377\000C\000o\000d\000r\000o\000i\000d\000:\000:\000M\000o\000v\000e\000I\000n\000s\000t\000r\000u\000c\000t\000i\000o\000n\176\323\147\204\117\123\000\040\123\302\200\003}{chapter.5}% 108
\BOOKMARK [2][-]{subsection.5.8.1}{\376\377\213\346\176\306\143\317\217\360}{section.5.8}% 109
\BOOKMARK [1][-]{section.5.9}{\376\377\000C\000o\000d\000r\000o\000i\000d\000:\000:\000M\000o\000v\000e\000T\000o\000P\000a\000r\000a\000m\000s\176\323\147\204\117\123\000\040\123\302\200\003}{chapter.5}% 110
\BOOKMARK [2][-]{subsection.5.9.1}{\376\377\213\346\176\306\143\317\217\360}{section.5.9}% 111
\BOOKMARK [1][-]{section.5.10}{\376\377\000C\000o\000d\000r\000o\000i\000d\000:\000:\000M\000o\000v\000e\000T\000o\000T\000a\000r\000g\000e\000t\176\323\147\204\117\123\000\040\123\302\200\003}{chapter.5}% 112
\BOOKMARK [2][-]{subsection.5.10.1}{\376\377\213\346\176\306\143\317\217\360}{section.5.10}% 113
\BOOKMARK [1][-]{section.5.11}{\376\377\000C\000o\000d\000r\000o\000i\000d\000:\000:\000P\000r\000o\000j\000e\000c\000t\000S\000t\000a\000t\000e\176\323\147\204\117\123\000\040\123\302\200\003}{chapter.5}% 114
\BOOKMARK [2][-]{subsection.5.11.1}{\376\377\213\346\176\306\143\317\217\360}{section.5.11}% 115
\BOOKMARK [1][-]{section.5.12}{\376\377\000C\000o\000d\000r\000o\000i\000d\000:\000:\000R\000e\000g\000i\000s\000t\000e\000r\000I\000n\000f\000o\176\323\147\204\117\123\000\040\123\302\200\003}{chapter.5}% 116
\BOOKMARK [2][-]{subsection.5.12.1}{\376\377\213\346\176\306\143\317\217\360}{section.5.12}% 117
\BOOKMARK [1][-]{section.5.13}{\376\377\000C\000o\000d\000r\000o\000i\000d\000:\000:\000R\000e\000l\000a\000t\000i\000v\000e\000P\000o\000s\000e\000P\000a\000r\000a\000m\000s\176\323\147\204\117\123\000\040\123\302\200\003}{chapter.5}% 118
\BOOKMARK [2][-]{subsection.5.13.1}{\376\377\213\346\176\306\143\317\217\360}{section.5.13}% 119
\BOOKMARK [1][-]{section.5.14}{\376\377\000C\000o\000d\000r\000o\000i\000d\000:\000:\000R\000e\000s\000p\000o\000n\000s\000e\176\323\147\204\117\123\000\040\123\302\200\003}{chapter.5}% 120
\BOOKMARK [2][-]{subsection.5.14.1}{\376\377\213\346\176\306\143\317\217\360}{section.5.14}% 121
\BOOKMARK [1][-]{section.5.15}{\376\377\000C\000o\000d\000r\000o\000i\000d\000:\000:\000R\000o\000b\000o\000t\000P\000o\000s\000t\000u\000r\000e\176\323\147\204\117\123\000\040\123\302\200\003}{chapter.5}% 122
\BOOKMARK [2][-]{subsection.5.15.1}{\376\377\213\346\176\306\143\317\217\360}{section.5.15}% 123
\BOOKMARK [1][-]{section.5.16}{\376\377\000C\000o\000d\000r\000o\000i\000d\000:\000:\000R\000o\000b\000o\000t\000S\000t\000a\000t\000u\000s\176\323\147\204\117\123\000\040\123\302\200\003}{chapter.5}% 124
\BOOKMARK [2][-]{subsection.5.16.1}{\376\377\213\346\176\306\143\317\217\360}{section.5.16}% 125
\BOOKMARK [1][-]{section.5.17}{\376\377\000C\000o\000d\000r\000o\000i\000d\000:\000:\000V\000a\000r\000i\000a\000b\000l\000e\176\323\147\204\117\123\000\040\123\302\200\003}{chapter.5}% 126
\BOOKMARK [2][-]{subsection.5.17.1}{\376\377\213\346\176\306\143\317\217\360}{section.5.17}% 127
\BOOKMARK [0][-]{chapter.6}{\376\377\145\207\116\366\213\364\146\016}{}% 128
\BOOKMARK [1][-]{section.6.1}{\376\377\000i\000n\000c\000l\000u\000d\000e\000/\000C\000o\000d\000r\000o\000i\000d\000/\000C\000o\000d\000r\000o\000i\000d\000C\000o\000n\000t\000r\000o\000l\000I\000n\000t\000e\000r\000f\000a\000c\000e\000.\000h\000\040\145\207\116\366\123\302\200\003}{chapter.6}% 129
\BOOKMARK [2][-]{subsection.6.1.1}{\376\377\213\346\176\306\143\317\217\360}{section.6.1}% 130
\BOOKMARK [1][-]{section.6.2}{\376\377\000i\000n\000c\000l\000u\000d\000e\000/\000C\000o\000d\000r\000o\000i\000d\000/\000C\000o\000d\000r\000o\000i\000d\000D\000e\000f\000i\000n\000e\000.\000h\000\040\145\207\116\366\123\302\200\003}{chapter.6}% 131
\BOOKMARK [2][-]{subsection.6.2.1}{\376\377\213\346\176\306\143\317\217\360}{section.6.2}% 132
\BOOKMARK [2][-]{subsection.6.2.2}{\376\377\121\375\145\160\213\364\146\016}{section.6.2}% 133
\BOOKMARK [3][-]{subsubsection.6.2.2.1}{\376\377\000N\000L\000O\000H\000M\000A\000N\000N\000\137\000J\000S\000O\000N\000\137\000S\000E\000R\000I\000A\000L\000I\000Z\000E\000\137\000E\000N\000U\000M\000\050\000\051\000\040\000[\0001\000/\0002\000]}{subsection.6.2.2}% 134
\BOOKMARK [3][-]{subsubsection.6.2.2.2}{\376\377\000N\000L\000O\000H\000M\000A\000N\000N\000\137\000J\000S\000O\000N\000\137\000S\000E\000R\000I\000A\000L\000I\000Z\000E\000\137\000E\000N\000U\000M\000\050\000\051\000\040\000[\0002\000/\0002\000]}{subsection.6.2.2}% 135
\BOOKMARK [1][-]{section.6.3}{\376\377\000i\000n\000c\000l\000u\000d\000e\000/\000C\000o\000d\000r\000o\000i\000d\000/\000C\000o\000d\000r\000o\000i\000d\000S\000u\000b\000s\000c\000r\000i\000b\000e\000r\000.\000h\000\040\145\207\116\366\123\302\200\003}{chapter.6}% 136
\BOOKMARK [2][-]{subsection.6.3.1}{\376\377\213\346\176\306\143\317\217\360}{section.6.3}% 137
